<html>
<body>
<pre>
<h1>礦ision Build Log</h1>
<h2>Tool Versions:</h2>
IDE-Version: μVision V5.14.0.0
Copyright (C) 2015 ARM Ltd and ARM Germany GmbH. All rights reserved.
License Information: L L, L, LIC=76FSB-2B124-YV31Y-I8NJJ-AKNDW-B2B20
 
Tool Versions:
Toolchain:       MDK-ARM Standard  Version: 5.14.0.0
Toolchain Path:  E:\install_soft\Keil_v5\ARM\ARMCC\Bin
C Compiler:      Armcc.exe V5.05 update 1 (build 106)
Assembler:       Armasm.exe V5.05 update 1 (build 106)
Linker/Locator:  ArmLink.exe V5.05 update 1 (build 106)
Library Manager: ArmAr.exe V5.05 update 1 (build 106)
Hex Converter:   FromElf.exe V5.05 update 1 (build 106)
CPU DLL:         SARMCM3.DLL V5.14.0.0
Dialog DLL:      DCM.DLL V1.13.1.0
Target DLL:      Segger\JL2CM3.dll V2.99.13.0
Dialog DLL:      TCM.DLL V1.14.4.0
 
<h2>Project:</h2>
F:\RZKJ_JOB\stm32_project\18_C_bus\C_BUS\CAN总线\语音模块\语音模块.uvprojx
Project File Date:  04/25/2018

<h2>Output:</h2>
Build target '语音模块'
compiling bsp_voice_dac5311.c...
linking...
Program Size: Code=3852 RO-data=268 RW-data=32 ZI-data=4024  
FromELF: creating hex file...
".\OBJ\红外测温模块.axf" - 0 Error(s), 0 Warning(s).

<h2>Collection of Component include folders:</h2>
  F:\RZKJ_JOB\stm32_project\18_C_bus\C_BUS\CAN总线\语音模块\RTE
  E:\install_soft\Keil_v5\ARM\PACK\Keil\STM32F1xx_DFP\1.0.5\Device\Include

<h2>Collection of Component Files used:</h2>
</pre>
</body>
</html>
