<html>
<body>
<pre>
<h1>礦ision Build Log</h1>
<h2>Tool Versions:</h2>
IDE-Version: μVision V5.24.2.0
Copyright (C) 2017 ARM Ltd and ARM Germany GmbH. All rights reserved.
License Information: d 8615312858228, 3, LIC=HF8PC-7TS3V-MQT0F-6M1HU-EJBCA-P76DK
 
Tool Versions:
Toolchain:       MDK-ARM Professional  Version: 5.24.1
Toolchain Path:  D:\mdk5\ARM\ARMCC\Bin
C Compiler:      Armcc.exe V5.06 update 5 (build 528)
Assembler:       Armasm.exe V5.06 update 5 (build 528)
Linker/Locator:  ArmLink.exe V5.06 update 5 (build 528)
Library Manager: ArmAr.exe V5.06 update 5 (build 528)
Hex Converter:   FromElf.exe V5.06 update 5 (build 528)
CPU DLL:         SARMCM3.DLL V5.24.1
Dialog DLL:      DCM.DLL V1.16.0.0
Target DLL:      STLink\ST-LINKIII-KEIL_SWO.dll V3.0.1.0
Dialog DLL:      TCM.DLL V1.32.0.0
 
<h2>Project:</h2>
F:\studying\课题\科技论坛\数字收音机\语音模块.uvprojx
Project File Date:  10/10/2018

<h2>Output:</h2>
*** Using Compiler 'V5.06 update 5 (build 528)', folder: 'D:\mdk5\ARM\ARMCC\Bin'
Rebuild target '语音模块'
compiling system_stm32f10x.c...
compiling stm32f10x_it.c...
compiling main.c...
.\HARDWARE\myiic.h(15): warning:  #1295-D: Deprecated declaration GPIO_Configuration - give arg types
  void GPIO_Configuration(); 
.\SYSTEM\fm\fm.h(10): warning:  #1295-D: Deprecated declaration FM_Next - give arg types
  void FM_Next();
USER\main.c: 2 warnings, 0 errors
compiling TEA5767.c...
HARDWARE\myiic.h(15): warning:  #1295-D: Deprecated declaration GPIO_Configuration - give arg types
  void GPIO_Configuration(); 
HARDWARE\TEA5767.c(195): warning:  #1-D: last line of file ends without a newline
   
HARDWARE\TEA5767.c: 2 warnings, 0 errors
compiling myiic.c...
HARDWARE\myiic.h(15): warning:  #1295-D: Deprecated declaration GPIO_Configuration - give arg types
  void GPIO_Configuration(); 
HARDWARE\myiic.c: 1 warning, 0 errors
compiling timer.c...
compiling led.c...
compiling bsp_spi.c...
compiling hz16.c...
compiling GUI.c...
.\SYSTEM\fm\fm.h(10): warning:  #1295-D: Deprecated declaration FM_Next - give arg types
  void FM_Next();
HARDWARE\LCD\GUI.c: 1 warning, 0 errors
compiling ILI93xx.c...
HARDWARE\LCD\ILI93xx.c(559): warning:  #223-D: function "abs" declared implicitly
  	else if(abs(y2-y1)>abs(x2-x1))//斜率大于1 
HARDWARE\LCD\ILI93xx.c: 1 warning, 0 errors
compiling spi.c...
compiling Touch.c...
compiling save_Flash.c...
compiling misc.c...
compiling stm32f10x_adc.c...
compiling stm32f10x_bkp.c...
compiling stm32f10x_can.c...
compiling stm32f10x_cec.c...
compiling stm32f10x_dac.c...
compiling stm32f10x_crc.c...
compiling stm32f10x_dbgmcu.c...
compiling stm32f10x_dma.c...
compiling stm32f10x_exti.c...
compiling stm32f10x_flash.c...
compiling stm32f10x_fsmc.c...
compiling stm32f10x_gpio.c...
compiling stm32f10x_i2c.c...
compiling stm32f10x_iwdg.c...
compiling stm32f10x_pwr.c...
compiling stm32f10x_rcc.c...
compiling stm32f10x_rtc.c...
compiling stm32f10x_sdio.c...
compiling stm32f10x_spi.c...
compiling stm32f10x_tim.c...
compiling stm32f10x_usart.c...
compiling stm32f10x_wwdg.c...
assembling startup_stm32f10x_md.s...
compiling core_cm3.c...
compiling delay.c...
compiling usart.c...
SYSTEM\usart\usart.c(106): warning:  #550-D: variable "utemp"  was set but never used
      u8  utemp = 0;
SYSTEM\usart\usart.c(119): warning:  #550-D: variable "utemp"  was set but never used
      u8  utemp = 0;
SYSTEM\usart\usart.c: 2 warnings, 0 errors
compiling sys.c...
compiling fm.c...
SYSTEM\fm\fm.h(10): warning:  #1295-D: Deprecated declaration FM_Next - give arg types
  void FM_Next();
SYSTEM\fm\fm.c(127): warning:  #167-D: argument of type "int *" is incompatible with parameter of type "uint32_t *"
  	save(freqget_buf);
SYSTEM\fm\fm.c(94): warning:  #177-D: variable "mode"  was declared but never referenced
  static u8 mode=0;
SYSTEM\fm\fm.c: 3 warnings, 0 errors
linking...
Program Size: Code=10580 RO-data=2928 RW-data=92 ZI-data=5052  
FromELF: creating hex file...
".\OBJ\语音模块.axf" - 0 Error(s), 12 Warning(s).

<h2>Software Packages used:</h2>

Package Vendor: Keil
                http://www.keil.com/pack/Keil.STM32F1xx_DFP.2.2.0.pack
                Keil.STM32F1xx_DFP.2.2.0
                STMicroelectronics STM32F1 Series Device Support, Drivers and Examples

<h2>Collection of Component include folders:</h2>
  .\RTE\_________
  D:\mdk5\ARM\PACK\Keil\STM32F1xx_DFP\2.2.0\Device\Include

<h2>Collection of Component Files used:</h2>
Build Time Elapsed:  00:00:17
</pre>
</body>
</html>
